[2025-11-08 18:47:23 +0000] [259555] [INFO] Starting gunicorn 23.0.0
[2025-11-08 18:47:23 +0000] [259555] [INFO] Listening at: http://0.0.0.0:8000 (259555)
[2025-11-08 18:47:23 +0000] [259555] [INFO] Using worker: sync
[2025-11-08 18:47:23 +0000] [259556] [INFO] Booting worker with pid: 259556
[2025-11-08 18:47:23 +0000] [259557] [INFO] Booting worker with pid: 259557
[2025-11-08 18:47:23 +0000] [259558] [INFO] Booting worker with pid: 259558
[2025-11-08 18:47:30 +0000] [259555] [INFO] Handling signal: int
[2025-11-08 15:47:30 -0300] [259556] [INFO] Worker exiting (pid: 259556)
[2025-11-08 15:47:30 -0300] [259558] [INFO] Worker exiting (pid: 259558)
[2025-11-08 15:47:30 -0300] [259557] [INFO] Worker exiting (pid: 259557)
[2025-11-08 18:47:30 +0000] [259555] [INFO] Shutting down: Master
[2025-11-08 18:47:36 +0000] [259578] [INFO] Starting gunicorn 23.0.0
[2025-11-08 18:47:36 +0000] [259578] [INFO] Listening at: http://0.0.0.0:8000 (259578)
[2025-11-08 18:47:36 +0000] [259578] [INFO] Using worker: sync
[2025-11-08 18:47:36 +0000] [259579] [INFO] Booting worker with pid: 259579
[2025-11-08 18:47:36 +0000] [259580] [INFO] Booting worker with pid: 259580
[2025-11-08 18:47:36 +0000] [259581] [INFO] Booting worker with pid: 259581
[2025-11-08 19:04:40 +0000] [259578] [INFO] Handling signal: int
[2025-11-08 16:04:41 -0300] [259579] [INFO] Worker exiting (pid: 259579)
[2025-11-08 16:04:41 -0300] [259581] [INFO] Worker exiting (pid: 259581)
[2025-11-08 16:04:41 -0300] [259580] [INFO] Worker exiting (pid: 259580)
[2025-11-08 19:04:41 +0000] [259578] [INFO] Shutting down: Master
[2025-11-08 19:05:37 +0000] [259770] [INFO] Starting gunicorn 23.0.0
[2025-11-08 19:05:37 +0000] [259770] [INFO] Listening at: http://0.0.0.0:8000 (259770)
[2025-11-08 19:05:37 +0000] [259770] [INFO] Using worker: sync
[2025-11-08 19:05:37 +0000] [259771] [INFO] Booting worker with pid: 259771
[2025-11-08 19:05:37 +0000] [259772] [INFO] Booting worker with pid: 259772
[2025-11-08 19:05:37 +0000] [259773] [INFO] Booting worker with pid: 259773
[2025-11-08 19:05:58 +0000] [259770] [INFO] Handling signal: int
[2025-11-08 16:05:58 -0300] [259772] [INFO] Worker exiting (pid: 259772)
[2025-11-08 16:05:58 -0300] [259771] [INFO] Worker exiting (pid: 259771)
[2025-11-08 16:05:58 -0300] [259773] [INFO] Worker exiting (pid: 259773)
[2025-11-08 19:05:58 +0000] [259770] [INFO] Shutting down: Master
[2025-11-08 19:06:21 +0000] [259831] [INFO] Starting gunicorn 23.0.0
[2025-11-08 19:06:21 +0000] [259831] [INFO] Listening at: http://0.0.0.0:8000 (259831)
[2025-11-08 19:06:21 +0000] [259831] [INFO] Using worker: sync
[2025-11-08 19:06:21 +0000] [259832] [INFO] Booting worker with pid: 259832
[2025-11-08 19:06:21 +0000] [259833] [INFO] Booting worker with pid: 259833
[2025-11-08 19:06:21 +0000] [259834] [INFO] Booting worker with pid: 259834
[2025-11-08 19:07:38 +0000] [259831] [INFO] Handling signal: int
[2025-11-08 16:07:38 -0300] [259832] [INFO] Worker exiting (pid: 259832)
[2025-11-08 16:07:38 -0300] [259834] [INFO] Worker exiting (pid: 259834)
[2025-11-08 16:07:38 -0300] [259833] [INFO] Worker exiting (pid: 259833)
[2025-11-08 19:07:38 +0000] [259831] [INFO] Shutting down: Master
[2025-11-08 19:08:09 +0000] [259873] [INFO] Starting gunicorn 23.0.0
[2025-11-08 19:08:09 +0000] [259873] [INFO] Listening at: http://0.0.0.0:8000 (259873)
[2025-11-08 19:08:09 +0000] [259873] [INFO] Using worker: sync
[2025-11-08 19:08:09 +0000] [259908] [INFO] Booting worker with pid: 259908
[2025-11-08 19:08:09 +0000] [259909] [INFO] Booting worker with pid: 259909
[2025-11-08 19:08:09 +0000] [259910] [INFO] Booting worker with pid: 259910
